// Jest Snapshot v1, https://goo.gl/fbAQLP

exports[`.toExist .not.toExist fails when wrapper exists 1`] = `
"
  [2mexpect([22m[31mreceived[39m[2m).not.toExist([22m[32mexpected[39m[2m)[22m


  Expected wrapper not to exist:

    [32mfalse[39m

  received:
    [31mtrue[39m
  "
`;

exports[`.toExist fails when wrapper does not exist 1`] = `
"
  [2mexpect([22m[31mreceived[39m[2m).toExist([22m[32mexpected[39m[2m)[22m


  Expected wrapper to exist:

    [32mtrue[39m

  received:
    [31mfalse[39m
  "
`;
